// Jest Snapshot v1, https://goo.gl/fbAQLP

exports[`ChatDialog 123 Should match snapshot 1`] = `"<div class=\\"styled__StChatDialogContainer-hAlvwF ctssmL\\"><div class=\\"styled__StChatDialogHeader-frWLNJ iLTYqh\\"><div class=\\"styled__StChatTitle-erdfFm fRrVrb\\"></div><button class=\\"styled__StIcon-chPeWD giwZPn\\"></button></div><div class=\\"styled__StDialogContainer-hphmKj kldXao\\"><div></div></div><div class=\\"styled__StSendMessageContainer-lnwVcU gYXjlf\\"><textarea class=\\"styled__StTextArea-cYwHWS hmAZYP\\"></textarea><button class=\\"styled__StIcon-chPeWD dNDmRl\\"></button></div></div>"`;

exports[`LoginPage 123 Should match snapshot 1`] = `"<div class=\\"styled__StChatDialogContainer-hAlvwF ctssmL\\"><div class=\\"styled__StChatDialogHeader-frWLNJ iLTYqh\\"><div class=\\"styled__StChatTitle-erdfFm fRrVrb\\"></div><button class=\\"styled__StIcon-chPeWD giwZPn\\"></button></div><div class=\\"styled__StDialogContainer-hphmKj kldXao\\"><div></div></div><div class=\\"styled__StSendMessageContainer-lnwVcU gYXjlf\\"><textarea class=\\"styled__StTextArea-cYwHWS hmAZYP\\"></textarea><button class=\\"styled__StIcon-chPeWD dNDmRl\\"></button></div></div>"`;
