// Jest Snapshot v1, https://goo.gl/fbAQLP

exports[`CustomModal Should match snapshot 1`] = `"<div id=\\"modalWrapper\\" class=\\"styled__StModalWrapper-hYaZKU XesCm\\"><div class=\\"styled__StCustomModal-iPKCGo lfyqOZ\\"><header class=\\"styled__StModalHeader-iEAzNg fHeyVw\\"><h1 class=\\"styled__AppTitle-bMNsHC jWDbjD\\"></h1><button class=\\"styled__StIcon-chPeWD giwZPn\\"></button></header><div class=\\"styled__StModalContent-jgQuhi ilBLET\\"><div></div></div></div></div>"`;
