// Jest Snapshot v1, https://goo.gl/fbAQLP

exports[`LoginPage message !success Should match snapshot 1`] = `"<div class=\\"styled__StLoginContainer-hSVgSI hxbETG\\"><div class=\\"styled__StLoginView-bXdzsa hcjlfy\\"><h1 class=\\"styled__AppTitle-bMNsHC jWDbjD\\"></h1><div class=\\"styled__AuthInputContainer-iSEnWy kChWax\\"><p class=\\"styled__AuthLabel-jINklJ iykkVO\\"></p><input type=\\"text\\" value=\\"\\" class=\\"styled__StInput-ifVcmW bBpwQJ\\"/></div><div class=\\"styled__AuthInputContainer-iSEnWy kChWax\\"><p class=\\"styled__AuthLabel-jINklJ iykkVO\\"></p><input type=\\"password\\" value=\\"\\" class=\\"styled__StInput-ifVcmW bBpwQJ\\"/><img src=\\"../assets/img/view.png\\" class=\\"styled__StHidePass-kZfxvt kfuTnG\\"/></div><button class=\\"styled__StButton-iwFefC fohYxd\\"></button><a href=\\"/registration\\"></a></div></div>"`;

exports[`LoginPage message success Should match snapshot 1`] = `"<div class=\\"styled__StLoginContainer-hSVgSI hxbETG\\"><div class=\\"styled__StLoginView-bXdzsa hcjlfy\\"><h1 class=\\"styled__AppTitle-bMNsHC jWDbjD\\"></h1><div class=\\"styled__AuthInputContainer-iSEnWy kChWax\\"><p class=\\"styled__AuthLabel-jINklJ iykkVO\\"></p><input type=\\"text\\" value=\\"\\" class=\\"styled__StInput-ifVcmW bBpwQJ\\"/></div><div class=\\"styled__AuthInputContainer-iSEnWy kChWax\\"><p class=\\"styled__AuthLabel-jINklJ iykkVO\\"></p><input type=\\"password\\" value=\\"\\" class=\\"styled__StInput-ifVcmW bBpwQJ\\"/><img src=\\"../assets/img/view.png\\" class=\\"styled__StHidePass-kZfxvt kfuTnG\\"/></div><button class=\\"styled__StButton-iwFefC fohYxd\\"></button><a href=\\"/registration\\"></a></div></div>"`;
